[level]
tileset = ground.png
map =   XXX.XXXXXXXXXXX....XXXXX......................
        X.......X.X.X.X....XXXXX......................
        X.>....X.X...XX....XXXXX........XXXXX.........
        X...........X.X....XXXXX..................s...
        X.s...s....X.XX....XXXXX...............s......
        X........................sXXXXX...............
        XX.X.X.X...X.XX....XXXXX.......s.s.........sc.
        X...........X.X..s.XXXXX......................
        XX.X.X.X......X....XXXXX..........s...........
        ..........s...X........X...........XXXXX......
        XX.XX.XXX.....X....XXXXX....................s.
        X..XX.XXX...X.X.....................s.........
        XX.XX.XXX....XX....XXXXX......................
        X.....XXX...X.X........X.........s............
        XXXXXXX....XXXX....XXXXX......................
	XX.XX.XXX.....X....XXXXX.........XXXXX.....s..
	X.............................................
	X......................Xs.....................
	X......................X...............s......
	X.@.....XXXXXXX...s....X......................

[X]
name = wall
wall = true
block = true

[.]
name = floor
tile = 2, 3

[@]
name = player
tile = 2,3
player = true
sprite = player.png

[s]
name = skeleton
tile = 0, 3
enemy = yes
sprite = skeleton.png

[c]
name = crate
tile = 0, 3
sprite = crate.png
block = true


[>]
name = stairs
block = true
tile = 3, 3

