[level1]
tileset = ground1.png
map =   XXX.XXXXXXXXXXXs..s..........................s
        X..s....X.X.X.X..s..........s........s........
        Xs>c...X.X...XXs..........s....sXXXXX.........
        X...........X.X.s.............s...........s...
        X.s...s....X.XX....................s...s......
        X...............s........sXXXXX...............
        XX.X.X.X...X.XXs...........................sk.
        X.......s...X.X..s.........s..........s.......
        XX.XsX.X......X..............s....s...........
        ..........s...X.ss.....X.s.s.......XXXXX......
        XX.XX.XXX.....Xs...XXXXX....................s.
        X..XX.XXX...X.X.s.s.......s..s..s...s.........
        XX.XX.XXX..s.XXs...XXXXX.................s....
        X.....XXX...X.X.s......X.........s.....s......
        XXXXXXX....XXXX..s.XXXXX..s....s..............
	XX.XX.XXX.....X....XXXXX....s....XXXXXs....s..
	X................s...s.......s.s..............
	X......................Xs.....................
	X..........s....s...s..X..s.......s....s......
	Xh......XXXXXXX...s....X....s...............s.
	X@.XXXX....XXXX.s..XXXXX..s...XX....s.XXXXXX..

[level2]
tileset = ground.png
map =   XXX.XXXXXXXXXXXs..sXXXXX.......XXXXXXXXXX....s
        X..s....X.X.X.X..s.XXXXX....s........s........
        Xs>....X.X...XXs...XXXXX..s....sXXXXX.........
        X...........X.X.s.sXXXXX......s...........s...
        X.s...s....X.XX...sXXXXX...........s...s......
        X....X.XX.......s........sXXXXX...............
        XX.X.X.X...X.XXs...XXXXX..s..s.s.s.........sc.
        X.......s...X.X..s.XXXXX...s..........s.......
        XX.XsX.X......X...sXXXXX.....s....s...........
        ..........s...X.ss.....X.s.s.......XXXXX......
        XX.XX.XXX.....Xs...XXXXX....................s.
        X..XX.XXX...X.X.s.s.......XXXXX.s...s.........
        XX.XX.XXX..s.XXs...XXXXX.................s....
        X.....XXX...X.X.s......X.........s.XXXXX......
        XXXXXXX....XXXX..s.XXXXX..s....s..............
	XX.XX.XXX.....X....XXXXX....s....XXXXXs....s..
	X................s...s.......s.s..............
	X.XXXXXs......s...s....Xs.....................
	X..........s....s...s..X..s.......s....s......
	Xh......XXXXXXX...s....X....s...............s.
	X@.XXXX....XXXX.s..XXXXX..s...XX....s.XXXXXXXX

[X]
name = wall
wall = true
block = true

[.]
name = floor
tile = 1,3

[@]
name = player
tile = 2,3
player = true
sprite = player.png

[s]
name = skeleton
tile = 2, 3
enemy = yes
sprite = skeleton.png

[c]
name = key
tile = 1,3
sprite = key1_small.png
key_pic = 1

[k]
name = key
tile = 1,3
sprite = key2_small.png
key_pic = 2


[h]
name = house
tile = 0, 3
sprite = house.png
block = true

[>]
name = blood
block = true
tile = 3, 3


